// Jest Snapshot v1, https://goo.gl/fbAQLP

exports[`<Footer /> should render correctly 1`] = `
<footer
  className="w-100 mt-auto"
>
  <div
    className="container text-white text-center py-5"
  >
    <h1>
      Ievents
    </h1>
    <p>
      Copyright Â© 2017
    </p>
  </div>
</footer>
`;
