// Jest Snapshot v1, https://goo.gl/fbAQLP

exports[`<Header /> should render correctly 1`] = `
<nav
  className="navbar w-100 mt-3 d-none d-lg-block"
>
  <a
    className="navbar-brand text-white"
  >
    <strong>
      Testing Header
    </strong>
  </a>
</nav>
`;
