// Jest Snapshot v1, https://goo.gl/fbAQLP

exports[`<WarningAlert /> should render the component if a message was passed in 1`] = `
<div
  className="bg-danger text-white text-center p-1 rounded"
>
  <i
    className="fa fa-times"
  />
  Â 
  <span>
    Testing WarningAlert
  </span>
</div>
`;
