// Jest Snapshot v1, https://goo.gl/fbAQLP

exports[`<Signin /> Rendering: should redirect to centers page if logging resolved 1`] = `
<Redirect
  push={false}
  to="/centers"
/>
`;

exports[`<Signin /> Rendering: should render correctly 1`] = `
<View
  getInput={[Function]}
  inputErrors={
    Object {
      "emailError": null,
      "passwordError": null,
    }
  }
  loggingUserError={null}
  loggingUserStarted={false}
  login={[Function]}
/>
`;

exports[`<SigninView /> Rendering should render correctly 1`] = `
<div
  id="sign-in-container"
>
  <RegularTopNavigation />
  <div
    className="d-flex flex-column align-items-center page-content"
  >
    <LoadingIcon
      size={3}
      start={false}
    />
    <div
      className="card card-form"
    >
      <h1
        className="card-header"
      >
        Log in
      </h1>
      <div
        className="card-body"
      >
        <BigAlert
          message={null}
        />
        <form>
          <div
            className="form-group"
          >
            <label
              htmlFor="email"
            >
              Email
            </label>
            <div
              className="input-group"
            >
              <div
                className="input-group-addon"
              >
                <i
                  className="fa fa-envelope"
                />
              </div>
              <input
                className="form-control"
                id="email"
                name="email"
                onChange={[MockFunction]}
                placeholder="Your Email"
                type="email"
              />
            </div>
            <SmallAlert />
          </div>
          <div
            className="form-group"
          >
            <label
              htmlFor="password"
            >
              Password
            </label>
            <div
              className="input-group"
            >
              <div
                className="input-group-addon"
              >
                <i
                  className="fa fa-user-secret"
                />
              </div>
              <input
                className="form-control"
                id="password"
                name="password"
                onChange={[MockFunction]}
                placeholder="Password"
                type="password"
              />
            </div>
            <SmallAlert />
          </div>
          <button
            className="btn btn-block ie-blue-button text-white"
            disabled={false}
            onClick={[MockFunction]}
          >
            Log in
          </button>
          <div
            className="text-center mt-2"
            style={
              Object {
                "fontSize": "15px",
              }
            }
          >
            <span>
              Don't have an account?
            </span>
            Â 
            <Link
              replace={false}
              to="/users/signup"
            >
              Sign up
            </Link>
          </div>
        </form>
      </div>
    </div>
  </div>
  <Footer />
</div>
`;
